com/tarot/tarot/config/GptConfig$1.class
com/tarot/tarot/controller/TarotController.class
com/tarot/tarot/controller/ZhipuModelController.class
com/tarot/tarot/service/UserService.class
com/tarot/tarot/controller/GptController.class
com/tarot/tarot/config/DeepSeekConfig_2.class
com/tarot/tarot/filter/JWTAuthorizationFilter.class
com/tarot/tarot/TarotProjectApplication.class
com/tarot/tarot/config/DeepSeekConfig.class
com/tarot/tarot/service/TarotService.class
com/tarot/tarot/filter/JWTAuthenticationFilter.class
com/tarot/tarot/model/User.class
com/tarot/tarot/Security/JwtTokenUtil.class
com/tarot/tarot/DTO/JiepaiRequest.class
com/tarot/tarot/service/TarotServiceImpl.class
com/tarot/tarot/DTO/ResetPasswordRequestDto.class
com/tarot/tarot/config/GptConfig.class
com/tarot/tarot/model/TarotCard.class
com/tarot/tarot/DTO/TarotResponse.class
com/tarot/tarot/config/WebMvcConfig.class
com/tarot/tarot/service/UserServiceImpl.class
com/tarot/tarot/DTO/RegisterRequestDto.class
com/tarot/tarot/Security/Md5Util.class
com/tarot/tarot/DTO/LoginRequestDto.class
com/tarot/tarot/DTO/PasswordResetRequestDto.class
com/tarot/tarot/mapper/UserMapper.class
com/tarot/tarot/controller/UserController.class
com/tarot/tarot/service/TarotServiceImpl$1.class
com/tarot/tarot/config/DeepSeekConfig$1.class
com/tarot/tarot/config/DeepSeekTest.class
com/tarot/tarot/config/SecurityConfig.class
