/Users/bytedance/Code/tarotProject/backend/src/main/java/com/tarot/tarot/mapper/UserMapper.java
/Users/bytedance/Code/tarotProject/backend/src/main/java/com/tarot/tarot/DTO/RegisterRequestDto.java
/Users/bytedance/Code/tarotProject/backend/src/main/java/com/tarot/tarot/service/TarotService.java
/Users/bytedance/Code/tarotProject/backend/src/main/java/com/tarot/tarot/DTO/LoginRequestDto.java
/Users/bytedance/Code/tarotProject/backend/src/main/java/com/tarot/tarot/service/TarotServiceImpl.java
/Users/bytedance/Code/tarotProject/backend/src/main/java/com/tarot/tarot/config/GptConfig.java
/Users/bytedance/Code/tarotProject/backend/src/main/java/com/tarot/tarot/config/SecurityConfig.java
/Users/bytedance/Code/tarotProject/backend/src/main/java/com/tarot/tarot/Security/JwtTokenUtil.java
/Users/bytedance/Code/tarotProject/backend/src/main/java/com/tarot/tarot/model/TarotCard.java
/Users/bytedance/Code/tarotProject/backend/src/main/java/com/tarot/tarot/TarotProjectApplication.java
/Users/bytedance/Code/tarotProject/backend/src/main/java/com/tarot/tarot/Security/Md5Util.java
/Users/bytedance/Code/tarotProject/backend/src/main/java/com/tarot/tarot/service/UserService.java
/Users/bytedance/Code/tarotProject/backend/src/main/java/com/tarot/tarot/config/DeepSeekTest.java
/Users/bytedance/Code/tarotProject/backend/src/main/java/com/tarot/tarot/controller/TarotController.java
/Users/bytedance/Code/tarotProject/backend/src/main/java/com/tarot/tarot/config/DeepSeekConfig.java
/Users/bytedance/Code/tarotProject/backend/src/main/java/com/tarot/tarot/DTO/JiepaiRequest.java
/Users/bytedance/Code/tarotProject/backend/src/main/java/com/tarot/tarot/controller/ZhipuModelController.java
/Users/bytedance/Code/tarotProject/backend/src/main/java/com/tarot/tarot/DTO/PasswordResetRequestDto.java
/Users/bytedance/Code/tarotProject/backend/src/main/java/com/tarot/tarot/config/WebMvcConfig.java
/Users/bytedance/Code/tarotProject/backend/src/main/java/com/tarot/tarot/config/ZhipuAiChatModelConfig.java
/Users/bytedance/Code/tarotProject/backend/src/main/java/com/tarot/tarot/filter/JWTAuthorizationFilter.java
/Users/bytedance/Code/tarotProject/backend/src/main/java/com/tarot/tarot/filter/JWTAuthenticationFilter.java
/Users/bytedance/Code/tarotProject/backend/src/main/java/com/tarot/tarot/DTO/TarotResponse.java
/Users/bytedance/Code/tarotProject/backend/src/main/java/com/tarot/tarot/model/User.java
/Users/bytedance/Code/tarotProject/backend/src/main/java/com/tarot/tarot/controller/GptController.java
/Users/bytedance/Code/tarotProject/backend/src/main/java/com/tarot/tarot/service/UserServiceImpl.java
/Users/bytedance/Code/tarotProject/backend/src/main/java/com/tarot/tarot/config/DeepSeekConfig_2.java
/Users/bytedance/Code/tarotProject/backend/src/main/java/com/tarot/tarot/controller/UserController.java
/Users/bytedance/Code/tarotProject/backend/src/main/java/com/tarot/tarot/DTO/ResetPasswordRequestDto.java
